// Jest Snapshot v1, https://goo.gl/fbAQLP

exports[`Pruebas en <SearchPage /> debe de mostrarse correctamente con valores por defecto 1`] = `
<div>
  <div
    class="animate__animated animate__bounceInLeft"
  >
    <h1>
      Search
    </h1>
    <hr />
    <div
      class="row"
    >
      <div
        class="col-5"
      >
        <h4>
          Searching
        </h4>
        <hr />
        <form>
          <input
            autocomplete="off"
            class="form-control"
            name="searchText"
            placeholder="Search a hero"
            type="text"
            value=""
          />
          <button
            class="btn btn-outline-primary mt-1"
          >
            Search
          </button>
        </form>
      </div>
      <div
        class="col-7"
      >
        <h4>
          Results
        </h4>
        <hr />
        <div
          class="alert alert-primary animate__animated animate__fadeIn"
        >
          Search a hero
        </div>
        <div
          class="alert alert-danger animate__animated animate__fadeIn"
          data-testid="alert-danger"
          style="display: none;"
        >
          No hero with 
          <b />
        </div>
      </div>
    </div>
  </div>
</div>
`;
